func One(value int) int { return __bd_One(nil, value) }
func Identity[T any](value T) T { return __bd_Identity[T](nil, value) }
behaviordiffrt.TypeName[T]()
behaviordiffrt.TypeName[U]()
func __bd_One(__bd_parent *behaviordiffrt.Frame, value int) (__bd_result0 int) {
		__bd_recovered := recover()
		behaviordiffrt.Exit(__bd_frame, []any{&__bd_result0}, __bd_recovered)
func __bd_Pair(__bd_parent *behaviordiffrt.Frame, value int) (__bd_result0 int, __bd_result1 int) {
		behaviordiffrt.Exit(__bd_frame, []any{&__bd_result0, &__bd_result1}, __bd_recovered)
	return value * __bd_Recursive(__bd_frame, value-1)
	one := __bd_One(__bd_frame, value)
	return one, left + right, counter.__bd_Add(__bd_frame, value)
	behaviordiffrt.Go(__bd_frame, func(__bd_child *behaviordiffrt.Frame) {
		__bd_sendValue(__bd_child, __bd_go_arg, __bd_go_arg1)
		behaviordiffrt.Go(__bd_child, func(__bd_child1 *behaviordiffrt.Frame) {
		__bd_go_arg := __bd_evaluatedArgument(__bd_frame, log)
		__bd_go_target := __bd_evaluatedReceiver(__bd_frame, log).__bd_recordChild
			__bd_go_target(__bd_child1, __bd_go_arg1, __bd_go_arg2)
			__bd_sendVariadic(__bd_child, __bd_go_arg, __bd_go_arg1...)